// Jest Snapshot v1, https://goo.gl/fbAQLP

exports[`postcss plugin base 1`] = `
".ring {
    --tw-ring-offset-shadow: var(--tw-ring-inset) 0 0 0 var(--tw-ring-offset-width) var(--tw-ring-offset-color);
    --tw-ring-shadow: var(--tw-ring-inset) 0 0 0 calc(3px + var(--tw-ring-offset-width)) var(--tw-ring-color);
    box-shadow: var(--tw-ring-offset-shadow), var(--tw-ring-shadow), var(--tw-shadow, 0 0 #0000)
}
.ring-white {
    --tw-ring-opacity: 1;
    --tw-ring-color: rgb(255 255 255 / var(--tw-ring-opacity))
}"
`;
