// Jest Snapshot v1, https://goo.gl/fbAQLP

exports[`index common color plugin 1`] = `
":root {--color-canvas-default-transparent: 32 54 85;--color-marketing-icon-primary: 5 60 116;--color-custom-text-color: 84 104 33
}[data-color-mode='light'] {--color-canvas-default-transparent: 21 89 184;--color-marketing-icon-primary: 11 18 26;--color-custom-text-color: 67 70 62
}[data-color-mode='dark'] {--color-canvas-default-transparent: 89 101 117;--color-marketing-icon-primary: 0 56 121;--color-custom-text-color: 49 66 21
}*, ::before, ::after {--tw-border-spacing-x: 0;--tw-border-spacing-y: 0;--tw-translate-x: 0;--tw-translate-y: 0;--tw-rotate: 0;--tw-skew-x: 0;--tw-skew-y: 0;--tw-scale-x: 1;--tw-scale-y: 1;--tw-pan-x:  ;--tw-pan-y:  ;--tw-pinch-zoom:  ;--tw-scroll-snap-strictness: proximity;--tw-gradient-from-position:  ;--tw-gradient-via-position:  ;--tw-gradient-to-position:  ;--tw-ordinal:  ;--tw-slashed-zero:  ;--tw-numeric-figure:  ;--tw-numeric-spacing:  ;--tw-numeric-fraction:  ;--tw-ring-inset:  ;--tw-ring-offset-width: 0px;--tw-ring-offset-color: #fff;--tw-ring-color: rgb(59 130 246 / 0.5);--tw-ring-offset-shadow: 0 0 #0000;--tw-ring-shadow: 0 0 #0000;--tw-shadow: 0 0 #0000;--tw-shadow-colored: 0 0 #0000;--tw-blur:  ;--tw-brightness:  ;--tw-contrast:  ;--tw-grayscale:  ;--tw-hue-rotate:  ;--tw-invert:  ;--tw-saturate:  ;--tw-sepia:  ;--tw-drop-shadow:  ;--tw-backdrop-blur:  ;--tw-backdrop-brightness:  ;--tw-backdrop-contrast:  ;--tw-backdrop-grayscale:  ;--tw-backdrop-hue-rotate:  ;--tw-backdrop-invert:  ;--tw-backdrop-opacity:  ;--tw-backdrop-saturate:  ;--tw-backdrop-sepia:  
}::backdrop {--tw-border-spacing-x: 0;--tw-border-spacing-y: 0;--tw-translate-x: 0;--tw-translate-y: 0;--tw-rotate: 0;--tw-skew-x: 0;--tw-skew-y: 0;--tw-scale-x: 1;--tw-scale-y: 1;--tw-pan-x:  ;--tw-pan-y:  ;--tw-pinch-zoom:  ;--tw-scroll-snap-strictness: proximity;--tw-gradient-from-position:  ;--tw-gradient-via-position:  ;--tw-gradient-to-position:  ;--tw-ordinal:  ;--tw-slashed-zero:  ;--tw-numeric-figure:  ;--tw-numeric-spacing:  ;--tw-numeric-fraction:  ;--tw-ring-inset:  ;--tw-ring-offset-width: 0px;--tw-ring-offset-color: #fff;--tw-ring-color: rgb(59 130 246 / 0.5);--tw-ring-offset-shadow: 0 0 #0000;--tw-ring-shadow: 0 0 #0000;--tw-shadow: 0 0 #0000;--tw-shadow-colored: 0 0 #0000;--tw-blur:  ;--tw-brightness:  ;--tw-contrast:  ;--tw-grayscale:  ;--tw-hue-rotate:  ;--tw-invert:  ;--tw-saturate:  ;--tw-sepia:  ;--tw-drop-shadow:  ;--tw-backdrop-blur:  ;--tw-backdrop-brightness:  ;--tw-backdrop-contrast:  ;--tw-backdrop-grayscale:  ;--tw-backdrop-hue-rotate:  ;--tw-backdrop-invert:  ;--tw-backdrop-opacity:  ;--tw-backdrop-saturate:  ;--tw-backdrop-sepia:  
}.bg-color-canvas-default-transparent\\/70 {background-color: rgb(var(--color-canvas-default-transparent) / 0.7)
}.text-color-custom-text-color {--tw-text-opacity: 1;color: rgb(var(--color-custom-text-color) / var(--tw-text-opacity))
}"
`;
