// Jest Snapshot v1, https://goo.gl/fbAQLP

exports[`postcss plugin base 1`] = `
".ring {
    --tw-ring-offset-shadow: var(--tw-ring-inset) 0 0 0 var(--tw-ring-offset-width) var(--tw-ring-offset-color);
    --tw-ring-shadow: var(--tw-ring-inset) 0 0 0 calc(3px + var(--tw-ring-offset-width)) var(--tw-ring-color);
    box-shadow: var(--tw-ring-offset-shadow), var(--tw-ring-shadow), var(--tw-shadow, 0 0 #0000)
}
.ring-white {
    --tw-ring-opacity: 1;
    --tw-ring-color: rgb(255 255 255 / var(--tw-ring-opacity))
}"
`;

exports[`postcss plugin base plugin 1`] = `
"[data-color-mode='light'] {--color-canvas-default-transparent: 21 89 184;--color-marketing-icon-primary: 11 18 26;--color-custom-text-color: 67 70 62
}[data-color-mode='dark'] {--color-canvas-default-transparent: 89 101 117;--color-marketing-icon-primary: 0 56 121;--color-custom-text-color: 49 66 21
}page {--color-canvas-default-transparent: 32 54 85;--color-marketing-icon-primary: 5 60 116;--color-custom-text-color: 84 104 33
}*, ::before, ::after {--tw-border-spacing-x: 0;--tw-border-spacing-y: 0;--tw-translate-x: 0;--tw-translate-y: 0;--tw-rotate: 0;--tw-skew-x: 0;--tw-skew-y: 0;--tw-scale-x: 1;--tw-scale-y: 1;--tw-pan-x:  ;--tw-pan-y:  ;--tw-pinch-zoom:  ;--tw-scroll-snap-strictness: proximity;--tw-gradient-from-position:  ;--tw-gradient-via-position:  ;--tw-gradient-to-position:  ;--tw-ordinal:  ;--tw-slashed-zero:  ;--tw-numeric-figure:  ;--tw-numeric-spacing:  ;--tw-numeric-fraction:  ;--tw-ring-inset:  ;--tw-ring-offset-width: 0px;--tw-ring-offset-color: #fff;--tw-ring-color: rgb(59 130 246 / 0.5);--tw-ring-offset-shadow: 0 0 #0000;--tw-ring-shadow: 0 0 #0000;--tw-shadow: 0 0 #0000;--tw-shadow-colored: 0 0 #0000;--tw-blur:  ;--tw-brightness:  ;--tw-contrast:  ;--tw-grayscale:  ;--tw-hue-rotate:  ;--tw-invert:  ;--tw-saturate:  ;--tw-sepia:  ;--tw-drop-shadow:  ;--tw-backdrop-blur:  ;--tw-backdrop-brightness:  ;--tw-backdrop-contrast:  ;--tw-backdrop-grayscale:  ;--tw-backdrop-hue-rotate:  ;--tw-backdrop-invert:  ;--tw-backdrop-opacity:  ;--tw-backdrop-saturate:  ;--tw-backdrop-sepia:  
}::backdrop {--tw-border-spacing-x: 0;--tw-border-spacing-y: 0;--tw-translate-x: 0;--tw-translate-y: 0;--tw-rotate: 0;--tw-skew-x: 0;--tw-skew-y: 0;--tw-scale-x: 1;--tw-scale-y: 1;--tw-pan-x:  ;--tw-pan-y:  ;--tw-pinch-zoom:  ;--tw-scroll-snap-strictness: proximity;--tw-gradient-from-position:  ;--tw-gradient-via-position:  ;--tw-gradient-to-position:  ;--tw-ordinal:  ;--tw-slashed-zero:  ;--tw-numeric-figure:  ;--tw-numeric-spacing:  ;--tw-numeric-fraction:  ;--tw-ring-inset:  ;--tw-ring-offset-width: 0px;--tw-ring-offset-color: #fff;--tw-ring-color: rgb(59 130 246 / 0.5);--tw-ring-offset-shadow: 0 0 #0000;--tw-ring-shadow: 0 0 #0000;--tw-shadow: 0 0 #0000;--tw-shadow-colored: 0 0 #0000;--tw-blur:  ;--tw-brightness:  ;--tw-contrast:  ;--tw-grayscale:  ;--tw-hue-rotate:  ;--tw-invert:  ;--tw-saturate:  ;--tw-sepia:  ;--tw-drop-shadow:  ;--tw-backdrop-blur:  ;--tw-backdrop-brightness:  ;--tw-backdrop-contrast:  ;--tw-backdrop-grayscale:  ;--tw-backdrop-hue-rotate:  ;--tw-backdrop-invert:  ;--tw-backdrop-opacity:  ;--tw-backdrop-saturate:  ;--tw-backdrop-sepia:  
}.ring {--tw-ring-offset-shadow: var(--tw-ring-inset) 0 0 0 var(--tw-ring-offset-width) var(--tw-ring-offset-color);--tw-ring-shadow: var(--tw-ring-inset) 0 0 0 calc(3px + var(--tw-ring-offset-width)) var(--tw-ring-color);box-shadow: var(--tw-ring-offset-shadow), var(--tw-ring-shadow), var(--tw-shadow, 0 0 #0000)
}.ring-white {--tw-ring-opacity: 1;--tw-ring-color: rgb(255 255 255 / var(--tw-ring-opacity))
}"
`;

exports[`postcss plugin custom color 1`] = `
".bg-header-bg\\/70 {
    background-color: rgb(var(--color-header-bg) / 0.7)
}
.text-custom-text-color {
    --tw-text-opacity: 1;
    color: rgb(var(--color-custom-text-color) / var(--tw-text-opacity))
}
.ring {
    --tw-ring-offset-shadow: var(--tw-ring-inset) 0 0 0 var(--tw-ring-offset-width) var(--tw-ring-offset-color);
    --tw-ring-shadow: var(--tw-ring-inset) 0 0 0 calc(3px + var(--tw-ring-offset-width)) var(--tw-ring-color);
    box-shadow: var(--tw-ring-offset-shadow), var(--tw-ring-shadow), var(--tw-shadow, 0 0 #0000)
}"
`;

exports[`postcss plugin custom color plugin 1`] = `
"[data-color-mode='light'] {--color-canvas-default-transparent: 21 89 184;--color-marketing-icon-primary: 11 18 26;--color-custom-text-color: 67 70 62
}[data-color-mode='dark'] {--color-canvas-default-transparent: 89 101 117;--color-marketing-icon-primary: 0 56 121;--color-custom-text-color: 49 66 21
}page {--color-canvas-default-transparent: 32 54 85;--color-marketing-icon-primary: 5 60 116;--color-custom-text-color: 84 104 33
}*, ::before, ::after {--tw-border-spacing-x: 0;--tw-border-spacing-y: 0;--tw-translate-x: 0;--tw-translate-y: 0;--tw-rotate: 0;--tw-skew-x: 0;--tw-skew-y: 0;--tw-scale-x: 1;--tw-scale-y: 1;--tw-pan-x:  ;--tw-pan-y:  ;--tw-pinch-zoom:  ;--tw-scroll-snap-strictness: proximity;--tw-gradient-from-position:  ;--tw-gradient-via-position:  ;--tw-gradient-to-position:  ;--tw-ordinal:  ;--tw-slashed-zero:  ;--tw-numeric-figure:  ;--tw-numeric-spacing:  ;--tw-numeric-fraction:  ;--tw-ring-inset:  ;--tw-ring-offset-width: 0px;--tw-ring-offset-color: #fff;--tw-ring-color: rgb(59 130 246 / 0.5);--tw-ring-offset-shadow: 0 0 #0000;--tw-ring-shadow: 0 0 #0000;--tw-shadow: 0 0 #0000;--tw-shadow-colored: 0 0 #0000;--tw-blur:  ;--tw-brightness:  ;--tw-contrast:  ;--tw-grayscale:  ;--tw-hue-rotate:  ;--tw-invert:  ;--tw-saturate:  ;--tw-sepia:  ;--tw-drop-shadow:  ;--tw-backdrop-blur:  ;--tw-backdrop-brightness:  ;--tw-backdrop-contrast:  ;--tw-backdrop-grayscale:  ;--tw-backdrop-hue-rotate:  ;--tw-backdrop-invert:  ;--tw-backdrop-opacity:  ;--tw-backdrop-saturate:  ;--tw-backdrop-sepia:  
}::backdrop {--tw-border-spacing-x: 0;--tw-border-spacing-y: 0;--tw-translate-x: 0;--tw-translate-y: 0;--tw-rotate: 0;--tw-skew-x: 0;--tw-skew-y: 0;--tw-scale-x: 1;--tw-scale-y: 1;--tw-pan-x:  ;--tw-pan-y:  ;--tw-pinch-zoom:  ;--tw-scroll-snap-strictness: proximity;--tw-gradient-from-position:  ;--tw-gradient-via-position:  ;--tw-gradient-to-position:  ;--tw-ordinal:  ;--tw-slashed-zero:  ;--tw-numeric-figure:  ;--tw-numeric-spacing:  ;--tw-numeric-fraction:  ;--tw-ring-inset:  ;--tw-ring-offset-width: 0px;--tw-ring-offset-color: #fff;--tw-ring-color: rgb(59 130 246 / 0.5);--tw-ring-offset-shadow: 0 0 #0000;--tw-ring-shadow: 0 0 #0000;--tw-shadow: 0 0 #0000;--tw-shadow-colored: 0 0 #0000;--tw-blur:  ;--tw-brightness:  ;--tw-contrast:  ;--tw-grayscale:  ;--tw-hue-rotate:  ;--tw-invert:  ;--tw-saturate:  ;--tw-sepia:  ;--tw-drop-shadow:  ;--tw-backdrop-blur:  ;--tw-backdrop-brightness:  ;--tw-backdrop-contrast:  ;--tw-backdrop-grayscale:  ;--tw-backdrop-hue-rotate:  ;--tw-backdrop-invert:  ;--tw-backdrop-opacity:  ;--tw-backdrop-saturate:  ;--tw-backdrop-sepia:  
}.bg-canvas-default-transparent\\/70 {background-color: rgb(var(--color-canvas-default-transparent) / 0.7)
}.text-custom-text-color {--tw-text-opacity: 1;color: rgb(var(--color-custom-text-color) / var(--tw-text-opacity))
}.ring {--tw-ring-offset-shadow: var(--tw-ring-inset) 0 0 0 var(--tw-ring-offset-width) var(--tw-ring-offset-color);--tw-ring-shadow: var(--tw-ring-inset) 0 0 0 calc(3px + var(--tw-ring-offset-width)) var(--tw-ring-color);box-shadow: var(--tw-ring-offset-shadow), var(--tw-ring-shadow), var(--tw-shadow, 0 0 #0000)
}"
`;
